Iteration	Posterior	Likelihood	Prior	clado_demipoly	clado_fission	clado_fusion	clado_no_change	clado_polyploid	delta	delta_l	eta	gamma	gamma_l	root_frequencies[1]	root_frequencies[2]	root_frequencies[3]	root_frequencies[4]	root_frequencies[5]	root_frequencies[6]	root_frequencies[7]	root_frequencies[8]	root_frequencies[9]	root_frequencies[10]	root_frequencies[11]	root_frequencies[12]	root_frequencies[13]	root_frequencies[14]	root_frequencies[15]	root_frequencies[16]	root_frequencies[17]	root_frequencies[18]	root_frequencies[19]	turnover
0	-154.4259	-201.9997	47.57385	0	0.006574905	0.0001391563	0.1019615	0	0	0.1412461	0.01447073	0.02639333	0.1548382	0.0759855	0.0935604	0.0350018	0.0505119	0.0908134	0.0269752	0.0957056	0.0450957	0.0927698	0.00405217	0.0576545	0.0282732	0.0730456	0.0645927	0.0143193	0.02901	0.0556989	0.00161363	0.0653207	0.398744
1	-131.4969	-187.4897	55.99278	0	0.006574905	0.001253141	0.1019615	0.003361273	0.004590731	0.1412461	0.01447073	0	0.1548382	0.0580455	0.0941947	0.0560766	0.0508544	0.0914292	0.0271581	0.0963545	0.0596208	0.0933988	0.00407964	0.055501	0.0352391	0.0735409	0.0657636	0.0144164	0.0292067	0.0284649	0.00162457	0.0650306	0.3708062
2	-146.2079	-190.7692	44.56122	0	0.01174408	0	0.1019615	0.003361273	0	-0.09148777	0.01447073	0	0	0.0634213	0.102919	0.0612701	0.0555643	0.0710535	0.0296733	0.0445452	0.0651426	0.102049	0.00445748	0.0998969	0.0385028	0.0311012	0.0366379	0.0157516	0.0319116	0.0803519	0.00510941	0.0606412	0.5193775
